This is pdfTeX, Version 3.141592653-2.6-1.40.25 (TeX Live 2023) (preloaded format=pdflatex 2023.8.26)  7 JUN 2025 12:32
entering extended mode
 restricted \write18 enabled.
 %&-line parsing enabled.
**temp_code.tex
(./temp_code.tex
LaTeX2e <2022-11-01> patch level 1
L3 programming layer <2023-02-22>
(/usr/local/texlive/2023/texmf-dist/tex/latex/base/article.cls
Document Class: article 2022/07/02 v1.4n Standard LaTeX document class
(/usr/local/texlive/2023/texmf-dist/tex/latex/base/size10.clo
File: size10.clo 2022/07/02 v1.4n Standard LaTeX file (size option)
)
\c@part=\count185
\c@section=\count186
\c@subsection=\count187
\c@subsubsection=\count188
\c@paragraph=\count189
\c@subparagraph=\count190
\c@figure=\count191
\c@table=\count192
\abovecaptionskip=\skip48
\belowcaptionskip=\skip49
\bibindent=\dimen140
)
(/usr/local/texlive/2023/texmf-dist/tex/latex/base/inputenc.sty
Package: inputenc 2021/02/14 v1.3d Input encoding file
\inpenc@prehook=\toks16
\inpenc@posthook=\toks17
)
(/usr/local/texlive/2023/texmf-dist/tex/latex/fancyvrb/fancyvrb.sty
Package: fancyvrb 2023/01/19 4.5a verbatim text (tvz,hv)

(/usr/local/texlive/2023/texmf-dist/tex/latex/graphics/keyval.sty
Package: keyval 2022/05/29 v1.15 key=value parser (DPC)
\KV@toks@=\toks18
)
\FV@CodeLineNo=\count193
\FV@InFile=\read2
\FV@TabBox=\box51
\c@FancyVerbLine=\count194
\FV@StepNumber=\count195
\FV@OutFile=\write3
)
(/usr/local/texlive/2023/texmf-dist/tex/latex/graphics/color.sty
Package: color 2022/01/06 v1.3d Standard LaTeX Color (DPC)

(/usr/local/texlive/2023/texmf-dist/tex/latex/graphics-cfg/color.cfg
File: color.cfg 2016/01/02 v1.6 sample color configuration
)
Package color Info: Driver file: pdftex.def on input line 149.

(/usr/local/texlive/2023/texmf-dist/tex/latex/graphics-def/pdftex.def
File: pdftex.def 2022/09/22 v1.2b Graphics/color driver for pdftex
)
(/usr/local/texlive/2023/texmf-dist/tex/latex/graphics/mathcolor.ltx))
(/usr/local/texlive/2023/texmf-dist/tex/latex/fvextra/fvextra.sty
Package: fvextra 2022/11/30 v1.5 fvextra - extensions and patches for fancyvrb

(/usr/local/texlive/2023/texmf-dist/tex/latex/etoolbox/etoolbox.sty
Package: etoolbox 2020/10/05 v2.5k e-TeX tools for LaTeX (JAW)
\etb@tempcnta=\count196
)
(/usr/local/texlive/2023/texmf-dist/tex/latex/upquote/upquote.sty
Package: upquote 2012/04/19 v1.3 upright-quote and grave-accent glyphs in verba
tim
)
(/usr/local/texlive/2023/texmf-dist/tex/latex/lineno/lineno.sty
Package: lineno 2023/01/19 line numbers on paragraphs v5.1
\linenopenalty=\count197
\output=\toks19
\linenoprevgraf=\count198
\linenumbersep=\dimen141
\linenumberwidth=\dimen142
\c@linenumber=\count199
\c@pagewiselinenumber=\count266
\c@LN@truepage=\count267
\c@internallinenumber=\count268
\c@internallinenumbers=\count269
\quotelinenumbersep=\dimen143
\bframerule=\dimen144
\bframesep=\dimen145
\bframebox=\box52
LaTeX Info: Redefining \\ on input line 3131.
)
\c@FV@TrueTabGroupLevel=\count270
\c@FV@TrueTabCounter=\count271
\FV@TabBox@Group=\box53
\FV@TmpLength=\skip50
\c@FV@HighlightLinesStart=\count272
\c@FV@HighlightLinesStop=\count273
\FV@LoopCount=\count274
\FV@NCharsBox=\box54
\FV@BreakIndent=\dimen146
\FV@BreakIndentNChars=\count275
\FV@BreakSymbolSepLeft=\dimen147
\FV@BreakSymbolSepLeftNChars=\count276
\FV@BreakSymbolSepRight=\dimen148
\FV@BreakSymbolSepRightNChars=\count277
\FV@BreakSymbolIndentLeft=\dimen149
\FV@BreakSymbolIndentLeftNChars=\count278
\FV@BreakSymbolIndentRight=\dimen150
\FV@BreakSymbolIndentRightNChars=\count279
\c@FancyVerbLineBreakLast=\count280
\FV@LineBox=\box55
\FV@LineIndentBox=\box56
\c@FV@BreakBufferDepth=\count281
\FV@LineWidth=\dimen151
)
(/usr/local/texlive/2023/texmf-dist/tex/latex/geometry/geometry.sty
Package: geometry 2020/01/02 v5.9 Page Geometry

(/usr/local/texlive/2023/texmf-dist/tex/generic/iftex/ifvtex.sty
Package: ifvtex 2019/10/25 v1.7 ifvtex legacy package. Use iftex instead.

(/usr/local/texlive/2023/texmf-dist/tex/generic/iftex/iftex.sty
Package: iftex 2022/02/03 v1.0f TeX engine tests
))
\Gm@cnth=\count282
\Gm@cntv=\count283
\c@Gm@tempcnt=\count284
\Gm@bindingoffset=\dimen152
\Gm@wd@mp=\dimen153
\Gm@odd@mp=\dimen154
\Gm@even@mp=\dimen155
\Gm@layoutwidth=\dimen156
\Gm@layoutheight=\dimen157
\Gm@layouthoffset=\dimen158
\Gm@layoutvoffset=\dimen159
\Gm@dimlist=\toks20
)
(/usr/local/texlive/2023/texmf-dist/tex/latex/l3backend/l3backend-pdftex.def
File: l3backend-pdftex.def 2023-01-16 L3 backend support: PDF output (pdfTeX)
\l__color_backend_stack_int=\count285
\l__pdf_internal_box=\box57
)
No file temp_code.aux.
\openout1 = `temp_code.aux'.

LaTeX Font Info:    Checking defaults for OML/cmm/m/it on input line 7.
LaTeX Font Info:    ... okay on input line 7.
LaTeX Font Info:    Checking defaults for OMS/cmsy/m/n on input line 7.
LaTeX Font Info:    ... okay on input line 7.
LaTeX Font Info:    Checking defaults for OT1/cmr/m/n on input line 7.
LaTeX Font Info:    ... okay on input line 7.
LaTeX Font Info:    Checking defaults for T1/cmr/m/n on input line 7.
LaTeX Font Info:    ... okay on input line 7.
LaTeX Font Info:    Checking defaults for TS1/cmr/m/n on input line 7.
LaTeX Font Info:    ... okay on input line 7.
LaTeX Font Info:    Checking defaults for OMX/cmex/m/n on input line 7.
LaTeX Font Info:    ... okay on input line 7.
LaTeX Font Info:    Checking defaults for U/cmr/m/n on input line 7.
LaTeX Font Info:    ... okay on input line 7.
(/usr/local/texlive/2023/texmf-dist/tex/context/base/mkii/supp-pdf.mkii
[Loading MPS to PDF converter (version 2006.09.02).]
\scratchcounter=\count286
\scratchdimen=\dimen160
\scratchbox=\box58
\nofMPsegments=\count287
\nofMParguments=\count288
\everyMPshowfont=\toks21
\MPscratchCnt=\count289
\MPscratchDim=\dimen161
\MPnumerator=\count290
\makeMPintoPDFobject=\count291
\everyMPtoPDFconversion=\toks22
)
*geometry* driver: auto-detecting
*geometry* detected driver: pdftex
*geometry* verbose mode - [ preamble ] result:
* driver: pdftex
* paper: <default>
* layout: <same size as paper>
* layoutoffset:(h,v)=(0.0pt,0.0pt)
* modes: 
* h-part:(L,W,R)=(36.135pt, 542.02501pt, 36.135pt)
* v-part:(T,H,B)=(36.135pt, 722.7pt, 36.135pt)
* \paperwidth=614.295pt
* \paperheight=794.96999pt
* \textwidth=542.02501pt
* \textheight=722.7pt
* \oddsidemargin=-36.135pt
* \evensidemargin=-36.135pt
* \topmargin=-73.135pt
* \headheight=12.0pt
* \headsep=25.0pt
* \topskip=10.0pt
* \footskip=30.0pt
* \marginparwidth=65.0pt
* \marginparsep=11.0pt
* \columnsep=10.0pt
* \skip\footins=9.0pt plus 4.0pt minus 2.0pt
* \hoffset=0.0pt
* \voffset=0.0pt
* \mag=1000
* \@twocolumnfalse
* \@twosidefalse
* \@mparswitchfalse
* \@reversemarginfalse
* (1in=72.27pt=25.4mm, 1cm=28.453pt)

! Undefined control sequence.
<argument> \PY 
               {k+kn}{import} \PY {n+nn}{torch}
l.11 \PY{k+kn}{import} \PY{n+nn}{torch}
                                       
? 
! Undefined control sequence.
<argument> \PY {k+kn}{import} \PY 
                                  {n+nn}{torch}
l.11 \PY{k+kn}{import} \PY{n+nn}{torch}
                                       
? 
! Undefined control sequence.
<argument> \PY 
               {k+kn}{import} \PY {n+nn}{torch}\PY {n+nn}{.}\PY {n+nn}{optim...
l.12 ...Y{n+nn}{optim} \PY{k}{as} \PY{n+nn}{optim}
                                                  
? 
! Undefined control sequence.
<argument> \PY {k+kn}{import} \PY 
                                  {n+nn}{torch}\PY {n+nn}{.}\PY {n+nn}{optim...
l.12 ...Y{n+nn}{optim} \PY{k}{as} \PY{n+nn}{optim}
                                                  
? 
! Undefined control sequence.
<argument> ...{k+kn}{import} \PY {n+nn}{torch}\PY 
                                                  {n+nn}{.}\PY {n+nn}{optim}...
l.12 ...Y{n+nn}{optim} \PY{k}{as} \PY{n+nn}{optim}
                                                  
? 
! Undefined control sequence.
<argument> ...} \PY {n+nn}{torch}\PY {n+nn}{.}\PY 
                                                  {n+nn}{optim} \PY {k}{as} ...
l.12 ...Y{n+nn}{optim} \PY{k}{as} \PY{n+nn}{optim}
                                                  
? 
! Undefined control sequence.
<argument> ...}\PY {n+nn}{.}\PY {n+nn}{optim} \PY 
                                                  {k}{as} \PY {n+nn}{optim}
l.12 ...Y{n+nn}{optim} \PY{k}{as} \PY{n+nn}{optim}
                                                  
? 
! Undefined control sequence.
<argument> ....}\PY {n+nn}{optim} \PY {k}{as} \PY 
                                                  {n+nn}{optim}
l.12 ...Y{n+nn}{optim} \PY{k}{as} \PY{n+nn}{optim}
                                                  
? 
! Undefined control sequence.
<argument> \PY 
               {k+kn}{import} \PY {n+nn}{torch}\PY {n+nn}{.}\PY {n+nn}{nn}\P...
l.13 ...{n+nn}{functional} \PY{k}{as} \PY{n+nn}{F}
                                                  
? 
! Undefined control sequence.
<argument> \PY {k+kn}{import} \PY 
                                  {n+nn}{torch}\PY {n+nn}{.}\PY {n+nn}{nn}\P...
l.13 ...{n+nn}{functional} \PY{k}{as} \PY{n+nn}{F}
                                                  
? 
! Undefined control sequence.
<argument> ...{k+kn}{import} \PY {n+nn}{torch}\PY 
                                                  {n+nn}{.}\PY {n+nn}{nn}\PY...
l.13 ...{n+nn}{functional} \PY{k}{as} \PY{n+nn}{F}
                                                  
? 
! Undefined control sequence.
<argument> ...} \PY {n+nn}{torch}\PY {n+nn}{.}\PY 
                                                  {n+nn}{nn}\PY {n+nn}{.}\PY...
l.13 ...{n+nn}{functional} \PY{k}{as} \PY{n+nn}{F}
                                                  
? 
! Undefined control sequence.
<argument> ...orch}\PY {n+nn}{.}\PY {n+nn}{nn}\PY 
                                                  {n+nn}{.}\PY {n+nn}{functi...
l.13 ...{n+nn}{functional} \PY{k}{as} \PY{n+nn}{F}
                                                  
? 
! Undefined control sequence.
<argument> ...n}{.}\PY {n+nn}{nn}\PY {n+nn}{.}\PY 
                                                  {n+nn}{functional} \PY {k}...
l.13 ...{n+nn}{functional} \PY{k}{as} \PY{n+nn}{F}
                                                  
? 
! Undefined control sequence.
<argument> ...{n+nn}{.}\PY {n+nn}{functional} \PY 
                                                  {k}{as} \PY {n+nn}{F}
l.13 ...{n+nn}{functional} \PY{k}{as} \PY{n+nn}{F}
                                                  
? 
! Undefined control sequence.
<argument> ... {n+nn}{functional} \PY {k}{as} \PY 
                                                  {n+nn}{F}
l.13 ...{n+nn}{functional} \PY{k}{as} \PY{n+nn}{F}
                                                  
? 
! Undefined control sequence.
<argument> \PY 
               {k+kn}{import} \PY {n+nn}{torch}\PY {n+nn}{.}\PY {n+nn}{nn}
l.14 ... \PY{n+nn}{torch}\PY{n+nn}{.}\PY{n+nn}{nn}
                                                  
? 
! Undefined control sequence.
<argument> \PY {k+kn}{import} \PY 
                                  {n+nn}{torch}\PY {n+nn}{.}\PY {n+nn}{nn}
l.14 ... \PY{n+nn}{torch}\PY{n+nn}{.}\PY{n+nn}{nn}
                                                  
? 
! Undefined control sequence.
<argument> ...{k+kn}{import} \PY {n+nn}{torch}\PY 
                                                  {n+nn}{.}\PY {n+nn}{nn}
l.14 ... \PY{n+nn}{torch}\PY{n+nn}{.}\PY{n+nn}{nn}
                                                  
? 
! Undefined control sequence.
<argument> ...} \PY {n+nn}{torch}\PY {n+nn}{.}\PY 
                                                  {n+nn}{nn}
l.14 ... \PY{n+nn}{torch}\PY{n+nn}{.}\PY{n+nn}{nn}
                                                  
? 
! Undefined control sequence.
<argument> \PY 
               {k+kn}{import} \PY {n+nn}{gymnasium} \PY {k}{as} \PY {n+nn}{gym}
l.15 ...n+nn}{gymnasium} \PY{k}{as} \PY{n+nn}{gym}
                                                  
? 
! Undefined control sequence.
<argument> \PY {k+kn}{import} \PY 
                                  {n+nn}{gymnasium} \PY {k}{as} \PY {n+nn}{gym}
l.15 ...n+nn}{gymnasium} \PY{k}{as} \PY{n+nn}{gym}
                                                  
? 
! Undefined control sequence.
<argument> ...}{import} \PY {n+nn}{gymnasium} \PY 
                                                  {k}{as} \PY {n+nn}{gym}
l.15 ...n+nn}{gymnasium} \PY{k}{as} \PY{n+nn}{gym}
                                